// Vitest Snapshot v1, https://vitest.dev/guide/snapshot.html

exports[`computeReport — characterization (real ended session) > produces the same report as before the extraction 1`] = `
{
  "perUser": [
    {
      "acks": 0,
      "avgDwellS": null,
      "contDecided": 0,
      "contReq": 0,
      "contribution": 0,
      "dispAcc": null,
      "dispCorrect": 0,
      "dispCount": 0,
      "dispUnopened": 0,
      "escCount": 0,
      "escQuality": null,
      "falseAlarms": [],
      "falseNegatives": [],
      "firstActionS": null,
      "insufficientEvidence": true,
      "measuredCells": 0,
      "name": "Member B",
      "opened": 0,
      "reported": [],
      "role": "lead",
      "roleActions": 0,
      "rubric": [
        {
          "label": "Team organised",
          "score": null,
        },
        {
          "label": "Time-to-approval",
          "score": null,
        },
        {
          "label": "Decision log",
          "score": null,
        },
        {
          "label": "Cadence + SITREP",
          "score": null,
        },
        {
          "label": "Management pressure",
          "score": null,
        },
      ],
      "rubricPct": null,
      "slaMet": 0,
      "slaPct": null,
      "slaTotal": 0,
      "user_id": "00000000-0000-4000-8000-000000000002",
      "walkedPast": [],
    },
    {
      "acks": 0,
      "avgDwellS": null,
      "contDecided": 0,
      "contReq": 0,
      "contribution": 21,
      "dispAcc": 0,
      "dispCorrect": 0,
      "dispCount": 1,
      "dispUnopened": 0,
      "escCount": 1,
      "escQuality": 53,
      "falseAlarms": [
        {
          "arrivedS": 32,
          "detail": "escalated a benign log",
          "label": "Palo Alto IPS blocked 185.220.101.45 — SMB brute force signature matched, 127× fired",
          "severity": "high",
        },
      ],
      "falseNegatives": [],
      "firstActionS": 431,
      "insufficientEvidence": false,
      "measuredCells": 6,
      "name": "Member C",
      "opened": 0,
      "reported": [
        {
          "actedS": 432,
          "arrivedS": 32,
          "kind": "escalation",
          "label": "Palo Alto IPS blocked 185.220.101.45 — SMB brute force signature matched, 127× fired",
          "outcome": "acknowledged",
          "responseS": 400,
          "severity": "high",
          "slaS": 180,
          "truth": "benign",
          "withinSla": false,
        },
      ],
      "role": "t1",
      "roleActions": 0,
      "rubric": [
        {
          "label": "Disposition accuracy",
          "note": "latest verdict per log; suspicious = partial credit; logs you never opened count at reduced weight",
          "score": 0,
        },
        {
          "label": "Escalation precision",
          "note": "per incident: of what you escalated, how much was a real incident (duplicates of one incident count once)",
          "score": 0,
        },
        {
          "label": "Attack recall (team)",
          "note": "share of real incidents the team caught — any of its attack logs escalated or marked TP/suspicious",
          "score": 0,
        },
        {
          "label": "Card completeness",
          "score": 4,
        },
        {
          "label": "Handoff coordination",
          "note": "share of your escalations Tier-2 closed the loop on (acknowledged or bounced)",
          "score": 12,
        },
        {
          "label": "Time-to-triage",
          "score": 8,
        },
        {
          "label": "Backup & load-balancing",
          "note": "took over an alert from an overloaded teammate, or rescued a stale (abandoned) claim — a plain collision earns nothing",
          "score": null,
        },
        {
          "label": "Self-correction",
          "note": "caught and fixed your own verdict — no-fault, scores for you",
          "score": null,
        },
        {
          "label": "Help-desk tickets",
          "note": "the right call (verify / refuse) on the tickets injected — not how many you clicked",
          "score": null,
        },
      ],
      "rubricPct": 33,
      "slaMet": 0,
      "slaPct": 0,
      "slaTotal": 1,
      "user_id": "00000000-0000-4000-8000-000000000003",
      "walkedPast": [],
    },
    {
      "acks": 1,
      "avgDwellS": null,
      "contDecided": 0,
      "contReq": 1,
      "contribution": 25,
      "dispAcc": null,
      "dispCorrect": 0,
      "dispCount": 0,
      "dispUnopened": 0,
      "escCount": 0,
      "escQuality": null,
      "falseAlarms": [],
      "falseNegatives": [],
      "firstActionS": 500,
      "insufficientEvidence": false,
      "measuredCells": 3,
      "name": "Member D",
      "opened": 0,
      "reported": [],
      "role": "t2",
      "roleActions": 0,
      "rubric": [
        {
          "label": "Ack latency",
          "score": 12,
        },
        {
          "label": "Timeline accuracy",
          "note": "not yet measured",
          "score": null,
        },
        {
          "label": "Scoping completeness",
          "score": null,
        },
        {
          "label": "Containment recommendation",
          "score": 12,
        },
        {
          "label": "Containment quality",
          "note": "a denied or later re-targeted request lowers it; executed after approval raises it",
          "score": 4,
        },
        {
          "label": "Backup & load-balancing",
          "note": "picked up a case while a teammate was overloaded",
          "score": null,
        },
        {
          "label": "Incident report",
          "score": null,
        },
        {
          "label": "Report accuracy",
          "note": "your report's verdict vs the incident's ground truth",
          "score": null,
        },
      ],
      "rubricPct": 78,
      "slaMet": 0,
      "slaPct": null,
      "slaTotal": 0,
      "user_id": "00000000-0000-4000-8000-000000000004",
      "walkedPast": [],
    },
  ],
  "team": {
    "acknowledged": 1,
    "attackSlaMet": 0,
    "attackSlaPct": 0,
    "attackSlaTotal": 8,
    "attacks": 8,
    "busiestName": "Member C",
    "busiestShare": 100,
    "caseStatus": "—",
    "contained": 0,
    "containmentReq": 1,
    "contested": 0,
    "contestedList": [],
    "detected": false,
    "dispAcc": 0,
    "dispTotal": 1,
    "escalations": 1,
    "evidencePinned": 0,
    "executed": 0,
    "falseAlarmCount": 1,
    "falseAlarms": [
      {
        "arrivedS": 32,
        "detail": "escalated, but benign",
        "label": "Palo Alto IPS blocked 185.220.101.45 — SMB brute force signature matched, 127× fired",
        "severity": "high",
      },
    ],
    "falseNegativeCount": 0,
    "falseNegatives": [],
    "handoffLatS": 68,
    "highCritCoverage": 3,
    "highCritTotal": 33,
    "highCritTriaged": 1,
    "incidentRecall": 0,
    "incidents": [
      {
        "attackEvents": 8,
        "contained": false,
        "detectS": null,
        "detected": false,
        "dwellS": null,
        "escalated": false,
        "firstSeenS": 117,
        "id": "inc:ics:1",
        "label": "WS-ACC-4477 downloaded Invoice_84421.iso, 6.8 MB, from invoice-doc-share.net at 10:05, logged by the file-filter profile as log-only.",
      },
    ],
    "incidentsDetected": 0,
    "incidentsTotal": 1,
    "injects": [],
    "injectsHandled": 0,
    "injectsScored": 0,
    "logs": 251,
    "loopClosure": 100,
    "missedAttackCount": 8,
    "missedAttackLogs": [
      {
        "arrivedS": 117,
        "detail": "its incident was not caught",
        "label": "WS-ACC-4477 downloaded Invoice_84421.iso, 6.8 MB, from invoice-doc-share.net at 10:05, logged by the file-filter profile as log-only.",
        "severity": "low",
      },
      {
        "arrivedS": 152,
        "detail": "its incident was not caught",
        "label": "chrome.exe wrote C:\\Users\\p.garcia\\Downloads\\Invoice_84421.iso at 10:05:06, tagged with a Zone.Identifier alternate data stream (ZoneId=3, I",
        "severity": "low",
      },
      {
        "arrivedS": 183,
        "detail": "its incident was not caught",
        "label": "At 10:09:20 explorer.exe opened Invoice_84421.iso. Windows' native container mount handler (shell32.dll) presented it as drive D:\\, exposing",
        "severity": "medium",
      },
      {
        "arrivedS": 218,
        "detail": "its incident was not caught",
        "label": "Fourteen seconds later she double-clicked Invoice_84421.lnk on D:\\. explorer.exe resolved its target and launched cmd.exe — with no SmartScr",
        "severity": "high",
      },
      {
        "arrivedS": 248,
        "detail": "its incident was not caught",
        "label": "One second later cmd.exe spawned powershell.exe with a hidden window and a base64-encoded command.",
        "severity": "critical",
      },
      {
        "arrivedS": 284,
        "detail": "its incident was not caught",
        "label": "Two seconds after PowerShell started, WS-ACC-4477 fetched core.dll, 2.4 MB, from cdn-update-relay.net — a domain with no relationship to inv",
        "severity": "critical",
      },
      {
        "arrivedS": 319,
        "detail": "its incident was not caught",
        "label": "powershell.exe wrote C:\\Users\\p.garcia\\AppData\\Roaming\\core.dll, unsigned, 2.4 MB.",
        "severity": "high",
      },
      {
        "arrivedS": 354,
        "detail": "its incident was not caught",
        "label": "Microsoft Defender for Endpoint raised a Critical detection on WS-ACC-4477 for the explorer -> cmd -> powershell chain originating from a mo",
        "severity": "critical",
      },
    ],
    "mttcS": null,
    "mttrS": null,
    "mtttS": 399,
    "timeToDetectS": null,
    "triageActions": 2,
    "triagers": 1,
    "version": 3,
  },
}
`;
