// Vitest Snapshot v1, https://vitest.dev/guide/snapshot.html

exports[`computeReport — characterization (real ended session) > produces the same report as before the extraction 1`] = `
{
  "perUser": [
    {
      "acks": 0,
      "avgDwellS": null,
      "contDecided": 0,
      "contReq": 0,
      "contribution": 0,
      "dispAcc": null,
      "dispCorrect": 0,
      "dispCount": 0,
      "escCount": 0,
      "escQuality": null,
      "firstActionS": null,
      "name": "Member B",
      "opened": 0,
      "role": "lead",
      "roleActions": 0,
      "rubric": [
        {
          "label": "Team organised",
          "score": null,
        },
        {
          "label": "Time-to-approval",
          "score": null,
        },
        {
          "label": "Decision log",
          "score": null,
        },
        {
          "label": "Cadence + SITREP",
          "score": null,
        },
        {
          "label": "Management pressure",
          "score": null,
        },
      ],
      "rubricPct": null,
      "user_id": "00000000-0000-4000-8000-000000000002",
    },
    {
      "acks": 0,
      "avgDwellS": null,
      "contDecided": 0,
      "contReq": 0,
      "contribution": 21,
      "dispAcc": 0,
      "dispCorrect": 0,
      "dispCount": 1,
      "escCount": 1,
      "escQuality": 53,
      "firstActionS": 431,
      "name": "Member C",
      "opened": 0,
      "role": "t1",
      "roleActions": 0,
      "rubric": [
        {
          "label": "Disposition accuracy",
          "score": 0,
        },
        {
          "label": "Escalation precision",
          "note": "of what you escalated, how much was a real attack (vs ground truth)",
          "score": 0,
        },
        {
          "label": "Attack recall (team)",
          "note": "share of real attacks the T1 team escalated at all",
          "score": 0,
        },
        {
          "label": "Card completeness",
          "score": 4,
        },
        {
          "label": "Handoff coordination",
          "note": "share of your escalations Tier-2 acknowledged",
          "score": 12,
        },
        {
          "label": "Time-to-triage",
          "score": 8,
        },
        {
          "label": "Backup & load-balancing",
          "note": "took an alert off an overloaded teammate",
          "score": null,
        },
        {
          "label": "Self-correction",
          "note": "caught and fixed your own verdict — no-fault, scores for you",
          "score": null,
        },
        {
          "label": "Help-desk tickets",
          "score": null,
        },
      ],
      "rubricPct": 33,
      "user_id": "00000000-0000-4000-8000-000000000003",
    },
    {
      "acks": 1,
      "avgDwellS": null,
      "contDecided": 0,
      "contReq": 1,
      "contribution": 25,
      "dispAcc": null,
      "dispCorrect": 0,
      "dispCount": 0,
      "escCount": 0,
      "escQuality": null,
      "firstActionS": 500,
      "name": "Member D",
      "opened": 0,
      "role": "t2",
      "roleActions": 0,
      "rubric": [
        {
          "label": "Ack latency",
          "score": 12,
        },
        {
          "label": "Timeline accuracy",
          "note": "not yet measured",
          "score": null,
        },
        {
          "label": "Scoping completeness",
          "score": null,
        },
        {
          "label": "Containment recommendation",
          "score": 12,
        },
        {
          "label": "Backup & load-balancing",
          "note": "picked up a case while a teammate was overloaded",
          "score": null,
        },
        {
          "label": "Incident report",
          "score": null,
        },
      ],
      "rubricPct": 100,
      "user_id": "00000000-0000-4000-8000-000000000004",
    },
  ],
  "team": {
    "acknowledged": 1,
    "attacks": 8,
    "caseStatus": "—",
    "contained": 0,
    "containmentReq": 1,
    "contested": 0,
    "contestedList": [],
    "detected": false,
    "dispAcc": 0,
    "dispTotal": 1,
    "escalations": 1,
    "evidencePinned": 0,
    "executed": 0,
    "handoffLatS": 68,
    "injects": [],
    "injectsHandled": 0,
    "injectsScored": 0,
    "logs": 251,
    "loopClosure": 100,
    "mttcS": null,
    "mttrS": null,
    "timeToDetectS": null,
  },
}
`;
